// Jest Snapshot v1, https://goo.gl/fbAQLP

exports[`<Pagination /> matches snapshot 1`] = `
<ul
  className="pagination"
>
  <li
    className="page-item mr-1"
  >
    <button
      className="page-link"
      onClick={[Function]}
    >
      1
    </button>
  </li>
  <li
    className="page-item mr-1"
  >
    <button
      className="page-link button-outline"
      onClick={[Function]}
    >
      2
    </button>
  </li>
  <li
    className="page-item mr-1"
  >
    <button
      className="page-link"
      onClick={[Function]}
    >
      3
    </button>
  </li>
  <li
    className="page-item mr-1"
  >
    <button
      className="page-link"
      onClick={[Function]}
    >
      4
    </button>
  </li>
  <li
    className="page-item mr-1"
  >
    <button
      className="page-link"
      onClick={[Function]}
    >
      5
    </button>
  </li>
  <li
    className="page-item mr-1"
  >
    <button
      className="page-link"
      onClick={[Function]}
    >
      6
    </button>
  </li>
  <li
    className="page-item mr-1"
  >
    <button
      className="page-link"
      onClick={[Function]}
    >
      7
    </button>
  </li>
  <li
    className="page-item mr-1"
  >
    <button
      className="page-link"
      onClick={[Function]}
    >
      8
    </button>
  </li>
  <li
    className="page-item mr-1"
  >
    <button
      className="page-link"
      onClick={[Function]}
    >
      9
    </button>
  </li>
  <li
    className="page-item mr-1"
  >
    <button
      className="page-link"
      onClick={[Function]}
    >
      10
    </button>
  </li>
</ul>
`;
